// Jest Snapshot v1, https://goo.gl/fbAQLP

exports[`brucharacters should display the list of characters in the database 1`] = `
Object {
  "pathname": "/s:test/get/ps2:v2/character_name",
  "searchParams": Object {
    "c:limit": "100",
    "character_id": "testlist",
  },
}
`;
